{
'project:dojo-1.8.1/dojox/app/widgets/scrollable.js.uncompressed.js':[
722,
],
'project:dojo-1.8.1/dojox/charting/SimpleTheme.js.uncompressed.js':[
346,
],
'project:dojo-1.8.1/dojox/gantt/GanttTaskControl.js.uncompressed.js':[
734,
],
'project:dojo-1.8.1/dojox/mobile/scrollable.js.uncompressed.js':[
880,
],
'project:ecmascript6/ecmascript6-today/5-set.js':[
13,
],
'project:paper-0.22.js':[
5831,
],
'project:yui-3.7.3/charts-base/charts-base.js':[
252,
],
'project:yui-3.7.3/stylesheet/stylesheet.js':[
39,
],
}
