{
'project:babylon/test/expressions/esprima/expression-additive/migrated_0000/actual.js':[
1,
],
'project:babylon/test/expressions/esprima/expression-additive/migrated_0001/actual.js':[
1,
],
'project:babylon/test/expressions/esprima/expression-additive/migrated_0002/actual.js':[
1,
],
'project:babylon/test/expressions/esprima/expression-binary-bitwise/migrated_0000/actual.js':[
1,
],
'project:babylon/test/expressions/esprima/expression-binary-bitwise/migrated_0001/actual.js':[
1,
],
'project:babylon/test/expressions/esprima/expression-binary-bitwise/migrated_0002/actual.js':[
1,
],
'project:babylon/test/expressions/esprima/expression-binary/migrated_0000/actual.js':[
1,
],
'project:babylon/test/expressions/esprima/expression-binary/migrated_0001/actual.js':[
1,
],
'project:babylon/test/expressions/esprima/expression-binary/migrated_0002/actual.js':[
1,
],
'project:babylon/test/expressions/esprima/expression-binary/migrated_0003/actual.js':[
1,
],
'project:babylon/test/expressions/esprima/expression-binary/migrated_0004/actual.js':[
1,
],
'project:babylon/test/expressions/esprima/expression-binary/migrated_0005/actual.js':[
1,
],
'project:babylon/test/expressions/esprima/expression-binary/migrated_0006/actual.js':[
1,
],
'project:babylon/test/expressions/esprima/expression-binary/migrated_0007/actual.js':[
1,
],
'project:babylon/test/expressions/esprima/expression-binary/migrated_0008/actual.js':[
1,
],
'project:babylon/test/expressions/esprima/expression-binary/migrated_0009/actual.js':[
1,
],
'project:babylon/test/expressions/esprima/expression-binary/migrated_0010/actual.js':[
1,
],
'project:babylon/test/expressions/esprima/expression-binary/migrated_0011/actual.js':[
1,
],
'project:babylon/test/expressions/esprima/expression-binary/migrated_0012/actual.js':[
1,
],
'project:babylon/test/expressions/esprima/expression-binary/migrated_0013/actual.js':[
1,
],
'project:babylon/test/expressions/esprima/expression-binary/migrated_0014/actual.js':[
1,
],
'project:babylon/test/expressions/esprima/expression-binary/migrated_0015/actual.js':[
1,
],
'project:babylon/test/expressions/esprima/expression-binary/migrated_0016/actual.js':[
1,
],
'project:babylon/test/expressions/esprima/expression-binary/migrated_0017/actual.js':[
1,
],
'project:babylon/test/expressions/esprima/expression-bitwise-shift/migrated_0000/actual.js':[
1,
],
'project:babylon/test/expressions/esprima/expression-bitwise-shift/migrated_0001/actual.js':[
1,
],
'project:babylon/test/expressions/esprima/expression-bitwise-shift/migrated_0002/actual.js':[
1,
],
'project:babylon/test/expressions/esprima/expression-equality/migrated_0000/actual.js':[
1,
],
'project:babylon/test/expressions/esprima/expression-equality/migrated_0001/actual.js':[
1,
],
'project:babylon/test/expressions/esprima/expression-equality/migrated_0002/actual.js':[
1,
],
'project:babylon/test/expressions/esprima/expression-equality/migrated_0003/actual.js':[
1,
],
'project:babylon/test/expressions/esprima/expression-grouping/migrated_0000/actual.js':[
1,
],
'project:babylon/test/expressions/esprima/expression-grouping/migrated_0001/actual.js':[
1,
],
'project:babylon/test/expressions/esprima/expression-multiplicative/migrated_0000/actual.js':[
1,
],
'project:babylon/test/expressions/esprima/expression-multiplicative/migrated_0001/actual.js':[
1,
],
'project:babylon/test/expressions/esprima/expression-multiplicative/migrated_0002/actual.js':[
1,
],
'project:babylon/test/expressions/esprima/expression-relational/migrated_0000/actual.js':[
1,
],
'project:babylon/test/expressions/esprima/expression-relational/migrated_0001/actual.js':[
1,
],
'project:babylon/test/expressions/esprima/expression-relational/migrated_0002/actual.js':[
1,
],
'project:babylon/test/expressions/esprima/expression-relational/migrated_0003/actual.js':[
1,
],
'project:babylon/test/expressions/esprima/expression-relational/migrated_0004/actual.js':[
1,
],
'project:babylon/test/expressions/esprima/expression-relational/migrated_0005/actual.js':[
1,
],
'project:babylon/test/expressions/esprima/expression-relational/migrated_0006/actual.js':[
1,
],
'project:babylon/test/expressions/esprima/expression-unary/migrated_0006/actual.js':[
1,
],
'project:babylon/test/expressions/esprima/expression-unary/migrated_0007/actual.js':[
1,
],
'project:babylon/test/expressions/esprima/expression-unary/migrated_0008/actual.js':[
1,
],
'project:babylon/test/expressions/esprima/expression-unary/migrated_0009/actual.js':[
1,
],
'project:babylon/test/expressions/esprima/expression-unary/migrated_0012/actual.js':[
1,
],
'project:babylon/test/expressions/is-expression-babylon/pass/1/actual.js':[
1,
],
'project:babylon/test/expressions/is-expression-babylon/pass/3/actual.js':[
1,
],
'project:babylon/test/expressions/is-expression-babylon/pass/4/actual.js':[
2,
],
'project:babylon/test/expressions/is-expression-babylon/pass/5/actual.js':[
1,
],
'project:babylon/test/fixtures/flow/trailing-function-commas-type/1/actual.js':[
1,
],
'project:babylon/test/fixtures/flow/type-annotations/101/actual.js':[
1,
],
'project:babylon/test/fixtures/flow/type-annotations/66/actual.js':[
1,
],
'project:babylon/test/fixtures/flow/type-annotations/80/actual.js':[
1,
],
'project:babylon/test/fixtures/flow/type-annotations/97/actual.js':[
1,
],
'project:babylon/test/fixtures/flow/type-annotations/99/actual.js':[
1,
],
'project:babylon/test/fixtures/flow/type-annotations/function-expression-inside-jsx-attr/actual.js':[
1,
],
'project:babylon/test/fixtures/flow/type-parameter-declaration/arrow_with_jsx/actual.js':[
1,
2,
3,
4,
4,
],
'project:babylon/test/fixtures/flow/type-parameter-declaration/arrow_without_jsx/actual.js':[
1,
2,
3,
4,
4,
],
'project:babylon/test/fixtures/flow/type-parameter-declaration/default/actual.js':[
10,
11,
12,
13,
],
'project:babylon/test/fixtures/flow/typecasts/1/actual.js':[
1,
],
'project:babylon/test/fixtures/flow/typecasts/2/actual.js':[
1,
],
'project:babylon/test/fixtures/flow/typecasts/3/actual.js':[
1,
],
'project:dojo-1.8.1/dojox/mdnd/adapter/DndToDojo.js.uncompressed.js':[
339,
],
'project:dojo-1.8.1/dojox/mobile/app/AlertDialog.js.uncompressed.js':[
106,
],
'project:dojo-1.8.1/dojox/xmpp/TransportSession.js.uncompressed.js':[
158,
],
'project:ecmascript6/ecmascript6-today/2-const.js':[
5,
9,
13,
17,
],
'project:google-closure-library/demos/autocompleteremotedata.js':[
17,
],
'project:google-closure-library/demos/autocompleterichremotedata.js':[
17,
],
'project:jest/packages/jest-cli/src/test_scheduler.js':[
36,
],
'project:jest/packages/jest-runner/src/run_test.js':[
32,
],
}
